[
  {
    "app-id": "PredictionGenerator",
    "exchange": "rita",
    "mission-id": "3749faec-574b-4f6e-b198-dbd846b33702",
    "predictions": {
      "action": "exit-room",
      "agent-belief": 0.6,
      "bounds": [
        0,
        5
      ],
      "hypothesis-id": "hyp0001-pending",
      "hypothesis-rank": 0,
      "object": "Center Corridor",
      "reason": [
        "and",
        {
          "agent-belief": 0.9,
          "is-moving-towards": "Staging Area Door",
          "subject": "K_Fuse"
        },
        {
          "agent-belief": 0.7,
          "sees-no-untriaged-victims-of-type": "unknown-type",
          "subject": "K_Fuse"
        },
        {
          "agent-belief": 0.9,
          "subject": "K_Fuse",
          "wants-to-find": "victim"
        },
        {
          "agent-belief": 1.0,
          "subject": "K_Fuse",
          "wants-to-triage": "victim"
        }
      ],
      "state": false,
      "subject": "K_Fuse",
      "uid": "se16974",
      "using": "Staging Area Door"
    },
    "received-routing-key": "predictions",
    "routing-key": "predictions"
  },
  {
    "app-id": "PredictionGenerator",
    "exchange": "rita",
    "mission-id": "3749faec-574b-4f6e-b198-dbd846b33702",
    "predictions": {
      "action": "set-switch-state",
      "agent-belief": 0.6,
      "bounds": [
        0,
        5
      ],
      "hypothesis-id": "hyp0001-pending",
      "hypothesis-rank": 0,
      "object": "Corridor lights switch",
      "reason": [
        "and",
        {
          "agent-belief": 1.0,
          "is-close-to": "Corridor lights switch",
          "subject": "K_Fuse"
        },
        {
          "agent-belief": 0.5,
          "has-state": "off",
          "object": "Corridor lights switch"
        },
        {
          "agent-belief": 1.0,
          "subject": "K_Fuse",
          "wants-to-find": "victim"
        }
      ],
      "state": false,
      "subject": "K_Fuse",
      "uid": "se16975"
    },
    "received-routing-key": "predictions",
    "routing-key": "predictions"
  },
  {
    "app-id": "PredictionGenerator",
    "exchange": "rita",
    "mission-id": "3749faec-574b-4f6e-b198-dbd846b33702",
    "predictions": {
      "action": "triage-victim",
      "agent-belief": 0.6,
      "bounds": [
        0,
        5
      ],
      "hypothesis-id": "hyp0001-pending",
      "hypothesis-rank": 0,
      "object": "victim g",
      "reason": [
        "and",
        {
          "agent-belief": 1.0,
          "is-close-to": "victim g",
          "subject": "K_Fuse"
        },
        {
          "agent-belief": 1.0,
          "is-a": "victim",
          "subject": "victim g"
        },
        {
          "agent-belief": 1.0,
          "subject": "K_Fuse",
          "wants-to-triage": "victim"
        }
      ],
      "state": false,
      "subject": "K_Fuse",
      "uid": "se16976",
      "using": "first-aid-kit"
    },
    "received-routing-key": "predictions",
    "routing-key": "predictions"
  },
  {
    "app-id": "PredictionGenerator",
    "exchange": "rita",
    "mission-id": "3749faec-574b-4f6e-b198-dbd846b33702",
    "predictions": {
      "action": "exit-room",
      "agent-belief": 0.6,
      "bounds": [
        0,
        5
      ],
      "hypothesis-id": "hyp0001-pending",
      "hypothesis-rank": 0,
      "object": "Center Corridor",
      "reason": [
        "and",
        {
          "agent-belief": 0.9,
          "is-moving-towards": "Elevator 1 entrance",
          "subject": "K_Fuse"
        },
        {
          "agent-belief": 0.7,
          "sees-no-untriaged-victims-of-type": "unknown-type",
          "subject": "K_Fuse"
        },
        {
          "agent-belief": 0.9,
          "subject": "K_Fuse",
          "wants-to-find": "victim"
        },
        {
          "agent-belief": 1.0,
          "subject": "K_Fuse",
          "wants-to-triage": "victim"
        }
      ],
      "state": false,
      "subject": "K_Fuse",
      "uid": "se16977",
      "using": "Elevator 1 entrance"
    },
    "received-routing-key": "predictions",
    "routing-key": "predictions"
  },
  {
    "app-id": "PredictionGenerator",
    "exchange": "rita",
    "mission-id": "3749faec-574b-4f6e-b198-dbd846b33702",
    "predictions": {
      "action": "enter-room",
      "agent-belief": 0.6,
      "bounds": [
        0,
        5
      ],
      "hypothesis-id": "hyp0001-pending",
      "hypothesis-rank": 0,
      "object": "Elevator 1",
      "reason": [
        "and",
        {
          "agent-belief": 0.9,
          "is-moving-towards": "Elevator 1 entrance",
          "subject": "K_Fuse"
        },
        {
          "agent-belief": 1.0,
          "has-not-visited": "Elevator 1",
          "subject": "K_Fuse"
        },
        {
          "agent-belief": 0.9,
          "subject": "K_Fuse",
          "wants-to-find": "victim"
        },
        {
          "agent-belief": 1.0,
          "subject": "K_Fuse",
          "wants-to-triage": "victim"
        }
      ],
      "state": false,
      "subject": "K_Fuse",
      "uid": "se16978",
      "using": "Elevator 1 entrance"
    },
    "received-routing-key": "predictions",
    "routing-key": "predictions"
  },
  {
    "app-id": "PredictionGenerator",
    "exchange": "rita",
    "mission-id": "3749faec-574b-4f6e-b198-dbd846b33702",
    "predictions": {
      "action": "set-switch-state",
      "agent-belief": 0.6,
      "bounds": [
        0,
        5
      ],
      "hypothesis-id": "hyp0001-pending",
      "hypothesis-rank": 0,
      "object": "Corridor lights switch",
      "reason": [
        "and",
        {
          "agent-belief": 1.0,
          "is-close-to": "Corridor lights switch",
          "subject": "K_Fuse"
        },
        {
          "agent-belief": 0.5,
          "has-state": "off",
          "object": "Corridor lights switch"
        },
        {
          "agent-belief": 1.0,
          "subject": "K_Fuse",
          "wants-to-find": "victim"
        }
      ],
      "state": false,
      "subject": "K_Fuse",
      "uid": "se16979"
    },
    "received-routing-key": "predictions",
    "routing-key": "predictions"
  },
  {
    "app-id": "PredictionGenerator",
    "exchange": "rita",
    "mission-id": "3749faec-574b-4f6e-b198-dbd846b33702",
    "predictions": {
      "action": "set-switch-state",
      "agent-belief": 0.6,
      "bounds": [
        0,
        5
      ],
      "hypothesis-id": "hyp0001-pending",
      "hypothesis-rank": 0,
      "object": "lever",
      "reason": [
        "and",
        {
          "agent-belief": 1.0,
          "is-close-to": "lever",
          "subject": "K_Fuse"
        },
        {
          "agent-belief": 0.5,
          "has-state": "off",
          "object": "lever"
        },
        {
          "agent-belief": 1.0,
          "subject": "K_Fuse",
          "wants-to-find": "victim"
        }
      ],
      "state": false,
      "subject": "K_Fuse",
      "uid": "se16980"
    },
    "received-routing-key": "predictions",
    "routing-key": "predictions"
  },
  {
    "app-id": "PredictionGenerator",
    "exchange": "rita",
    "mission-id": "3749faec-574b-4f6e-b198-dbd846b33702",
    "predictions": {
      "action": "enter-room",
      "agent-belief": 0.6,
      "bounds": [
        0,
        5
      ],
      "hypothesis-id": "hyp0001-pending",
      "hypothesis-rank": 0,
      "object": "Womens rest room",
      "reason": [
        "and",
        {
          "agent-belief": 0.9,
          "is-moving-towards": "Womens Room Entrance",
          "subject": "K_Fuse"
        },
        {
          "agent-belief": 1.0,
          "has-not-visited": "Womens rest room",
          "subject": "K_Fuse"
        },
        {
          "agent-belief": 0.9,
          "subject": "K_Fuse",
          "wants-to-find": "victim"
        },
        {
          "agent-belief": 1.0,
          "subject": "K_Fuse",
          "wants-to-triage": "victim"
        }
      ],
      "state": false,
      "subject": "K_Fuse",
      "uid": "se16981",
      "using": "Womens Room Entrance"
    },
    "received-routing-key": "predictions",
    "routing-key": "predictions"
  },
  {
    "app-id": "PredictionGenerator",
    "exchange": "rita",
    "mission-id": "3749faec-574b-4f6e-b198-dbd846b33702",
    "predictions": {
      "action": "exit-room",
      "agent-belief": 0.6,
      "bounds": [
        0,
        5
      ],
      "hypothesis-id": "hyp0001-pending",
      "hypothesis-rank": 0,
      "object": "Center Corridor",
      "reason": [
        "and",
        {
          "agent-belief": 0.9,
          "is-moving-towards": "Womens Room Entrance",
          "subject": "K_Fuse"
        },
        {
          "agent-belief": 0.7,
          "sees-no-untriaged-victims-of-type": "unknown-type",
          "subject": "K_Fuse"
        },
        {
          "agent-belief": 0.9,
          "subject": "K_Fuse",
          "wants-to-find": "victim"
        },
        {
          "agent-belief": 1.0,
          "subject": "K_Fuse",
          "wants-to-triage": "victim"
        }
      ],
      "state": false,
      "subject": "K_Fuse",
      "uid": "se16983",
      "using": "Womens Room Entrance"
    },
    "received-routing-key": "predictions",
    "routing-key": "predictions"
  },
  {
    "app-id": "PredictionGenerator",
    "exchange": "rita",
    "mission-id": "3749faec-574b-4f6e-b198-dbd846b33702",
    "predictions": {
      "action": "set-switch-state",
      "agent-belief": 0.6,
      "bounds": [
        0,
        5
      ],
      "hypothesis-id": "hyp0001-pending",
      "hypothesis-rank": 0,
      "object": "lever",
      "reason": [
        "and",
        {
          "agent-belief": 1.0,
          "is-close-to": "lever",
          "subject": "K_Fuse"
        },
        {
          "agent-belief": 0.5,
          "has-state": "off",
          "object": "lever"
        },
        {
          "agent-belief": 1.0,
          "subject": "K_Fuse",
          "wants-to-find": "victim"
        }
      ],
      "state": false,
      "subject": "K_Fuse",
      "uid": "se16984"
    },
    "received-routing-key": "predictions",
    "routing-key": "predictions"
  },
  {
    "app-id": "PredictionGenerator",
    "exchange": "rita",
    "mission-id": "3749faec-574b-4f6e-b198-dbd846b33702",
    "predictions": {
      "action": "set-switch-state",
      "agent-belief": 0.6,
      "bounds": [
        0,
        5
      ],
      "hypothesis-id": "hyp0001-pending",
      "hypothesis-rank": 0,
      "object": "Corridor lights switch",
      "reason": [
        "and",
        {
          "agent-belief": 1.0,
          "is-close-to": "Corridor lights switch",
          "subject": "K_Fuse"
        },
        {
          "agent-belief": 0.5,
          "has-state": "off",
          "object": "Corridor lights switch"
        },
        {
          "agent-belief": 1.0,
          "subject": "K_Fuse",
          "wants-to-find": "victim"
        }
      ],
      "state": false,
      "subject": "K_Fuse",
      "uid": "se16985"
    },
    "received-routing-key": "predictions",
    "routing-key": "predictions"
  },
  {
    "app-id": "PredictionGenerator",
    "exchange": "rita",
    "mission-id": "3749faec-574b-4f6e-b198-dbd846b33702",
    "predictions": {
      "action": "open",
      "agent-belief": 0.6,
      "bounds": [
        0,
        5
      ],
      "hypothesis-id": "hyp0001-pending",
      "hypothesis-rank": 0,
      "object": "Staging Area Door",
      "reason": [
        "and",
        {
          "agent-belief": 0.9,
          "is-moving-towards": "Staging Area Door",
          "subject": "K_Fuse"
        },
        {
          "agent-belief": 0.9,
          "subject": "K_Fuse",
          "wants-to-enter": "Staging Area"
        },
        {
          "agent-belief": 100,
          "is": "closed",
          "subject": "Staging Area Door"
        }
      ],
      "state": false,
      "subject": "K_Fuse",
      "uid": "se16986",
      "using": null
    },
    "received-routing-key": "predictions",
    "routing-key": "predictions"
  },
  {
    "app-id": "PredictionGenerator",
    "exchange": "rita",
    "mission-id": "3749faec-574b-4f6e-b198-dbd846b33702",
    "predictions": {
      "action": "exit-room",
      "agent-belief": 0.6,
      "bounds": [
        0,
        5
      ],
      "hypothesis-id": "hyp0001-pending",
      "hypothesis-rank": 0,
      "object": "Center Corridor",
      "reason": [
        "and",
        {
          "agent-belief": 0.9,
          "is-moving-towards": "Staging Area Door",
          "subject": "K_Fuse"
        },
        {
          "agent-belief": 0.7,
          "sees-no-untriaged-victims-of-type": "unknown-type",
          "subject": "K_Fuse"
        },
        {
          "agent-belief": 0.9,
          "subject": "K_Fuse",
          "wants-to-find": "victim"
        },
        {
          "agent-belief": 1.0,
          "subject": "K_Fuse",
          "wants-to-triage": "victim"
        }
      ],
      "state": false,
      "subject": "K_Fuse",
      "uid": "se16988",
      "using": "Staging Area Door"
    },
    "received-routing-key": "predictions",
    "routing-key": "predictions"
  },
  {
    "app-id": "PredictionGenerator",
    "exchange": "rita",
    "mission-id": "3749faec-574b-4f6e-b198-dbd846b33702",
    "predictions": {
      "action": "set-switch-state",
      "agent-belief": 0.6,
      "bounds": [
        0,
        5
      ],
      "hypothesis-id": "hyp0001-pending",
      "hypothesis-rank": 0,
      "object": "Corridor lights switch",
      "reason": [
        "and",
        {
          "agent-belief": 1.0,
          "is-close-to": "Corridor lights switch",
          "subject": "K_Fuse"
        },
        {
          "agent-belief": 0.5,
          "has-state": "off",
          "object": "Corridor lights switch"
        },
        {
          "agent-belief": 1.0,
          "subject": "K_Fuse",
          "wants-to-find": "victim"
        }
      ],
      "state": false,
      "subject": "K_Fuse",
      "uid": "se16989"
    },
    "received-routing-key": "predictions",
    "routing-key": "predictions"
  },
  {
    "app-id": "PredictionGenerator",
    "exchange": "rita",
    "mission-id": "3749faec-574b-4f6e-b198-dbd846b33702",
    "predictions": {
      "action": "exit-room",
      "agent-belief": 0.6,
      "bounds": [
        0,
        5
      ],
      "hypothesis-id": "hyp0001-pending",
      "hypothesis-rank": 0,
      "object": "Center Corridor",
      "reason": [
        "and",
        {
          "agent-belief": 0.9,
          "is-moving-towards": "Mens Room Entrance",
          "subject": "K_Fuse"
        },
        {
          "agent-belief": 0.7,
          "sees-no-untriaged-victims-of-type": "unknown-type",
          "subject": "K_Fuse"
        },
        {
          "agent-belief": 0.9,
          "subject": "K_Fuse",
          "wants-to-find": "victim"
        },
        {
          "agent-belief": 1.0,
          "subject": "K_Fuse",
          "wants-to-triage": "victim"
        }
      ],
      "state": false,
      "subject": "K_Fuse",
      "uid": "se16990",
      "using": "Mens Room Entrance"
    },
    "received-routing-key": "predictions",
    "routing-key": "predictions"
  },
  {
    "app-id": "PredictionGenerator",
    "exchange": "rita",
    "mission-id": "3749faec-574b-4f6e-b198-dbd846b33702",
    "predictions": {
      "action": "set-switch-state",
      "agent-belief": 0.6,
      "bounds": [
        0,
        5
      ],
      "hypothesis-id": "hyp0001-pending",
      "hypothesis-rank": 0,
      "object": "Corridor lights switch",
      "reason": [
        "and",
        {
          "agent-belief": 1.0,
          "is-close-to": "Corridor lights switch",
          "subject": "K_Fuse"
        },
        {
          "agent-belief": 0.5,
          "has-state": "off",
          "object": "Corridor lights switch"
        },
        {
          "agent-belief": 1.0,
          "subject": "K_Fuse",
          "wants-to-find": "victim"
        }
      ],
      "state": false,
      "subject": "K_Fuse",
      "uid": "se16991"
    },
    "received-routing-key": "predictions",
    "routing-key": "predictions"
  },
  {
    "app-id": "PredictionGenerator",
    "exchange": "rita",
    "mission-id": "3749faec-574b-4f6e-b198-dbd846b33702",
    "predictions": {
      "action": "triage-victim",
      "agent-belief": 0.6,
      "bounds": [
        0,
        5
      ],
      "hypothesis-id": "hyp0001-pending",
      "hypothesis-rank": 0,
      "object": "victim 18",
      "reason": [
        "and",
        {
          "agent-belief": 1.0,
          "is-close-to": "victim 18",
          "subject": "K_Fuse"
        },
        {
          "agent-belief": 1.0,
          "is-a": "victim",
          "subject": "victim 18"
        },
        {
          "agent-belief": 1.0,
          "subject": "K_Fuse",
          "wants-to-triage": "victim"
        }
      ],
      "state": false,
      "subject": "K_Fuse",
      "uid": "se16992",
      "using": "first-aid-kit"
    },
    "received-routing-key": "predictions",
    "routing-key": "predictions"
  },
  {
    "app-id": "PredictionGenerator",
    "exchange": "rita",
    "mission-id": "3749faec-574b-4f6e-b198-dbd846b33702",
    "predictions": {
      "action": "enter-room",
      "agent-belief": 0.6,
      "bounds": [
        0,
        5
      ],
      "hypothesis-id": "hyp0001-pending",
      "hypothesis-rank": 0,
      "object": "Left Corridor North-SouthS",
      "reason": [
        "and",
        {
          "agent-belief": 0.9,
          "is-moving-towards": "Corridor Intersection CC-LSN",
          "subject": "K_Fuse"
        },
        {
          "agent-belief": 1.0,
          "has-not-visited": "Left Corridor North-SouthS",
          "subject": "K_Fuse"
        },
        {
          "agent-belief": 0.9,
          "subject": "K_Fuse",
          "wants-to-find": "victim"
        },
        {
          "agent-belief": 1.0,
          "subject": "K_Fuse",
          "wants-to-triage": "victim"
        }
      ],
      "state": false,
      "subject": "K_Fuse",
      "uid": "se16993",
      "using": "Corridor Intersection CC-LSN"
    },
    "received-routing-key": "predictions",
    "routing-key": "predictions"
  },
  {
    "app-id": "PredictionGenerator",
    "exchange": "rita",
    "mission-id": "3749faec-574b-4f6e-b198-dbd846b33702",
    "predictions": {
      "action": "enter-room",
      "agent-belief": 0.6,
      "bounds": [
        0,
        5
      ],
      "hypothesis-id": "hyp0001-pending",
      "hypothesis-rank": 0,
      "object": "Room 209",
      "reason": [
        "and",
        {
          "agent-belief": 0.9,
          "is-moving-towards": "Door between CC-R209",
          "subject": "K_Fuse"
        },
        {
          "agent-belief": 1.0,
          "has-not-visited": "Room 209",
          "subject": "K_Fuse"
        },
        {
          "agent-belief": 0.9,
          "subject": "K_Fuse",
          "wants-to-find": "victim"
        },
        {
          "agent-belief": 1.0,
          "subject": "K_Fuse",
          "wants-to-triage": "victim"
        }
      ],
      "state": false,
      "subject": "K_Fuse",
      "uid": "se16995",
      "using": "Door between CC-R209"
    },
    "received-routing-key": "predictions",
    "routing-key": "predictions"
  },
  {
    "app-id": "PredictionGenerator",
    "exchange": "rita",
    "mission-id": "3749faec-574b-4f6e-b198-dbd846b33702",
    "predictions": {
      "action": "set-switch-state",
      "agent-belief": 0.6,
      "bounds": [
        0,
        5
      ],
      "hypothesis-id": "hyp0001-pending",
      "hypothesis-rank": 0,
      "object": "Room 209 light switch",
      "reason": [
        "and",
        {
          "agent-belief": 1.0,
          "is-close-to": "Room 209 light switch",
          "subject": "K_Fuse"
        },
        {
          "agent-belief": 0.5,
          "has-state": "off",
          "object": "Room 209 light switch"
        },
        {
          "agent-belief": 1.0,
          "subject": "K_Fuse",
          "wants-to-find": "victim"
        }
      ],
      "state": false,
      "subject": "K_Fuse",
      "uid": "se16996"
    },
    "received-routing-key": "predictions",
    "routing-key": "predictions"
  },
  {
    "app-id": "PredictionGenerator",
    "exchange": "rita",
    "mission-id": "3749faec-574b-4f6e-b198-dbd846b33702",
    "predictions": {
      "action": "triage-victim",
      "agent-belief": 0.6,
      "bounds": [
        0,
        5
      ],
      "hypothesis-id": "hyp0001-pending",
      "hypothesis-rank": 0,
      "object": "victim e",
      "reason": [
        "and",
        {
          "agent-belief": 1.0,
          "is-close-to": "victim e",
          "subject": "K_Fuse"
        },
        {
          "agent-belief": 1.0,
          "is-a": "victim",
          "subject": "victim e"
        },
        {
          "agent-belief": 1.0,
          "subject": "K_Fuse",
          "wants-to-triage": "victim"
        }
      ],
      "state": false,
      "subject": "K_Fuse",
      "uid": "se16997",
      "using": "first-aid-kit"
    },
    "received-routing-key": "predictions",
    "routing-key": "predictions"
  },
  {
    "app-id": "PredictionGenerator",
    "exchange": "rita",
    "mission-id": "3749faec-574b-4f6e-b198-dbd846b33702",
    "predictions": {
      "action": "set-switch-state",
      "agent-belief": 0.6,
      "bounds": [
        0,
        5
      ],
      "hypothesis-id": "hyp0001-pending",
      "hypothesis-rank": 0,
      "object": "Room 216 light switch",
      "reason": [
        "and",
        {
          "agent-belief": 1.0,
          "is-close-to": "Room 216 light switch",
          "subject": "K_Fuse"
        },
        {
          "agent-belief": 0.5,
          "has-state": "off",
          "object": "Room 216 light switch"
        },
        {
          "agent-belief": 1.0,
          "subject": "K_Fuse",
          "wants-to-find": "victim"
        }
      ],
      "state": false,
      "subject": "K_Fuse",
      "uid": "se16998"
    },
    "received-routing-key": "predictions",
    "routing-key": "predictions"
  }
]